// Jest Snapshot v1, https://goo.gl/fbAQLP

exports[`blocks: material/search snapshot match for material search 1`] = `"<!-- wp:material/search /-->"`;
